#
# There is insufficient memory for the Java Runtime Environment to continue.
# Native memory allocation (malloc) failed to allocate 32744 bytes. Error detail: ChunkPool::allocate
# Possible reasons:
#   The system is out of physical RAM or swap space
#   This process is running with CompressedOops enabled, and the Java Heap may be blocking the growth of the native heap
# Possible solutions:
#   Reduce memory load on the system
#   Increase physical memory or swap space
#   Check if swap backing store is full
#   Decrease Java heap size (-Xmx/-Xms)
#   Decrease number of Java threads
#   Decrease Java thread stack sizes (-Xss)
#   Set larger code cache with -XX:ReservedCodeCacheSize=
#   JVM is running with Unscaled Compressed Oops mode in which the Java heap is
#     placed in the first 4GB address space. The Java Heap base address is the
#     maximum limit for the native heap growth. Please use -XX:HeapBaseMinAddress
#     to set the Java Heap base and to place the Java Heap above 4GB virtual address.
# This output file may be truncated or incomplete.
#
#  Out of Memory Error (arena.cpp:79), pid=11976, tid=17640
#
# JRE version: OpenJDK Runtime Environment Temurin-17.0.18+8 (17.0.18+8) (build 17.0.18+8)
# Java VM: OpenJDK 64-Bit Server VM Temurin-17.0.18+8 (17.0.18+8, mixed mode, sharing, tiered, compressed oops, compressed class ptrs, g1 gc, windows-amd64)
# No core dump will be written. Minidumps are not enabled by default on client versions of Windows
#

---------------  S U M M A R Y ------------

Command Line: -Xmx64m -Xms64m -Dorg.gradle.appname=gradlew D:\A UCP\a reactnative\test2\android\\gradle\wrapper\gradle-wrapper.jar clean

Host: Intel(R) Core(TM) i5-8350U CPU @ 1.70GHz, 8 cores, 7G,  Windows 11 , 64 bit Build 22621 (10.0.22621.5415)
Time: Tue Feb 24 13:50:29 2026 Pakistan Standard Time elapsed time: 170.334406 seconds (0d 0h 2m 50s)

---------------  T H R E A D  ---------------

Current thread (0x00000246e0226a50):  JavaThread "C2 CompilerThread1" daemon [_thread_in_native, id=17640, stack(0x0000008d6a500000,0x0000008d6a600000)]


Current CompileTask:
C2:170335 2451   !   4       java.io.ObjectInputStream::readOrdinaryObject (379 bytes)

Stack: [0x0000008d6a500000,0x0000008d6a600000]
Native frames: (J=compiled Java code, j=interpreted, Vv=VM code, C=native code)
V  [jvm.dll+0x6846f9]
V  [jvm.dll+0x839ea5]
V  [jvm.dll+0x83b91e]
V  [jvm.dll+0x83bfa3]
V  [jvm.dll+0x248eff]
V  [jvm.dll+0xad69e]
V  [jvm.dll+0xadb3c]
V  [jvm.dll+0x11ebd5]
V  [jvm.dll+0x6ae0a5]
V  [jvm.dll+0x1bc4ca]
V  [jvm.dll+0x219f10]
V  [jvm.dll+0x219200]
V  [jvm.dll+0x1a4920]
V  [jvm.dll+0x22989a]
V  [jvm.dll+0x227a4b]
V  [jvm.dll+0x7f0658]
V  [jvm.dll+0x7eaaec]
V  [jvm.dll+0x6835c7]
C  [ucrtbase.dll+0x29333]
C  [KERNEL32.DLL+0x1259d]
C  [ntdll.dll+0x5af78]


---------------  P R O C E S S  ---------------

Threads class SMR info:
_java_thread_list=0x000002469a89e730, length=14, elements={
0x0000024680848150, 0x00000246808f3ee0, 0x00000246808f4d60, 0x000002469a2c9b90,
0x000002469a2cc660, 0x000002469a2cd020, 0x000002469a2cdff0, 0x000002469a2ced90,
0x000002469a2cfc50, 0x000002469a2d2660, 0x000002469a51df60, 0x000002469a5208a0,
0x00000246e041e980, 0x00000246e0226a50
}

Java Threads: ( => current thread )
  0x0000024680848150 JavaThread "main" [_thread_blocked, id=9808, stack(0x0000008d6a800000,0x0000008d6a900000)]
  0x00000246808f3ee0 JavaThread "Reference Handler" daemon [_thread_blocked, id=11644, stack(0x0000008d6af00000,0x0000008d6b000000)]
  0x00000246808f4d60 JavaThread "Finalizer" daemon [_thread_blocked, id=16460, stack(0x0000008d6b000000,0x0000008d6b100000)]
  0x000002469a2c9b90 JavaThread "Signal Dispatcher" daemon [_thread_blocked, id=11476, stack(0x0000008d6b100000,0x0000008d6b200000)]
  0x000002469a2cc660 JavaThread "Attach Listener" daemon [_thread_blocked, id=12360, stack(0x0000008d6b200000,0x0000008d6b300000)]
  0x000002469a2cd020 JavaThread "Service Thread" daemon [_thread_blocked, id=4704, stack(0x0000008d6b300000,0x0000008d6b400000)]
  0x000002469a2cdff0 JavaThread "Monitor Deflation Thread" daemon [_thread_blocked, id=16892, stack(0x0000008d6b400000,0x0000008d6b500000)]
  0x000002469a2ced90 JavaThread "C2 CompilerThread0" daemon [_thread_in_native, id=14800, stack(0x0000008d6b500000,0x0000008d6b600000)]
  0x000002469a2cfc50 JavaThread "C1 CompilerThread0" daemon [_thread_blocked, id=3976, stack(0x0000008d6b600000,0x0000008d6b700000)]
  0x000002469a2d2660 JavaThread "Sweeper thread" daemon [_thread_blocked, id=9684, stack(0x0000008d6b700000,0x0000008d6b800000)]
  0x000002469a51df60 JavaThread "Notification Thread" daemon [_thread_blocked, id=15256, stack(0x0000008d6b800000,0x0000008d6b900000)]
  0x000002469a5208a0 JavaThread "Common-Cleaner" daemon [_thread_blocked, id=4516, stack(0x0000008d6ba00000,0x0000008d6bb00000)]
  0x00000246e041e980 JavaThread "pool-1-thread-1" [_thread_in_native, id=16528, stack(0x0000008d6c000000,0x0000008d6c100000)]
=>0x00000246e0226a50 JavaThread "C2 CompilerThread1" daemon [_thread_in_native, id=17640, stack(0x0000008d6a500000,0x0000008d6a600000)]

Other Threads:
  0x00000246808ef440 VMThread "VM Thread" [stack: 0x0000008d6ae00000,0x0000008d6af00000] [id=9668]
  0x000002469a520450 WatcherThread [stack: 0x0000008d6b900000,0x0000008d6ba00000] [id=7384]
  0x000002468086a450 GCTaskThread "GC Thread#0" [stack: 0x0000008d6a900000,0x0000008d6aa00000] [id=10644]
  0x000002469a6a4650 GCTaskThread "GC Thread#1" [stack: 0x0000008d6bd00000,0x0000008d6be00000] [id=16172]
  0x00000246e00c1b60 GCTaskThread "GC Thread#2" [stack: 0x0000008d6be00000,0x0000008d6bf00000] [id=656]
  0x00000246e00c1e20 GCTaskThread "GC Thread#3" [stack: 0x0000008d6bf00000,0x0000008d6c000000] [id=17124]
  0x00000246e00c20e0 GCTaskThread "GC Thread#4" [stack: 0x0000008d6bb00000,0x0000008d6bc00000] [id=2176]
  0x00000246e00c23a0 GCTaskThread "GC Thread#5" [stack: 0x0000008d6bc00000,0x0000008d6bd00000] [id=17192]
  0x00000246e00c3420 GCTaskThread "GC Thread#6" [stack: 0x0000008d6c100000,0x0000008d6c200000] [id=15488]
  0x00000246e00c2660 GCTaskThread "GC Thread#7" [stack: 0x0000008d6c200000,0x0000008d6c300000] [id=16512]
  0x000002468086cbb0 ConcurrentGCThread "G1 Main Marker" [stack: 0x0000008d6aa00000,0x0000008d6ab00000] [id=16556]
  0x000002468086e5e0 ConcurrentGCThread "G1 Conc#0" [stack: 0x0000008d6ab00000,0x0000008d6ac00000] [id=16016]
  0x00000246808d1e70 ConcurrentGCThread "G1 Refine#0" [stack: 0x0000008d6ac00000,0x0000008d6ad00000] [id=14284]
  0x00000246808d28a0 ConcurrentGCThread "G1 Service" [stack: 0x0000008d6ad00000,0x0000008d6ae00000] [id=2224]

Threads with active compile tasks:
C2 CompilerThread0  170426 2456       4       java.io.ObjectInputStream::readClassDesc (121 bytes)
C2 CompilerThread1  170426 2451   !   4       java.io.ObjectInputStream::readOrdinaryObject (379 bytes)

VM state: not at safepoint (normal execution)

VM Mutex/Monitor currently owned by a thread: None

Heap address: 0x00000000fc000000, size: 64 MB, Compressed Oops mode: 32-bit

CDS archive(s) mapped at: [0x000002469b000000-0x000002469bbb0000-0x000002469bbb0000), size 12255232, SharedBaseAddress: 0x000002469b000000, ArchiveRelocationMode: 1.
Compressed class space mapped at: 0x000002469c000000-0x00000246dc000000, reserved size: 1073741824
Narrow klass base: 0x000002469b000000, Narrow klass shift: 0, Narrow klass range: 0x100000000

GC Precious Log:
 CPUs: 8 total, 8 available
 Memory: 8067M
 Large Page Support: Disabled
 NUMA Support: Disabled
 Compressed Oops: Enabled (32-bit)
 Heap Region Size: 1M
 Heap Min Capacity: 64M
 Heap Initial Capacity: 64M
 Heap Max Capacity: 64M
 Pre-touch: Disabled
 Parallel Workers: 8
 Concurrent Workers: 2
 Concurrent Refinement Workers: 8
 Periodic GC: Disabled

Heap:
 garbage-first heap   total 65536K, used 22890K [0x00000000fc000000, 0x0000000100000000)
  region size 1024K, 13 young (13312K), 2 survivors (2048K)
 Metaspace       used 10881K, committed 11200K, reserved 1114112K
  class space    used 1374K, committed 1536K, reserved 1048576K

Heap Regions: E=young(eden), S=young(survivor), O=old, HS=humongous(starts), HC=humongous(continues), CS=collection set, F=free, OA=open archive, CA=closed archive, TAMS=top-at-mark-start (previous, next)
|   0|0x00000000fc000000, 0x00000000fc100000, 0x00000000fc100000|100%|HS|  |TAMS 0x00000000fc000000, 0x00000000fc000000| Complete 
|   1|0x00000000fc100000, 0x00000000fc200000, 0x00000000fc200000|100%|HC|  |TAMS 0x00000000fc100000, 0x00000000fc100000| Complete 
|   2|0x00000000fc200000, 0x00000000fc300000, 0x00000000fc300000|100%|HC|  |TAMS 0x00000000fc200000, 0x00000000fc200000| Complete 
|   3|0x00000000fc300000, 0x00000000fc400000, 0x00000000fc400000|100%| O|  |TAMS 0x00000000fc300000, 0x00000000fc300000| Untracked 
|   4|0x00000000fc400000, 0x00000000fc500000, 0x00000000fc500000|100%| O|  |TAMS 0x00000000fc400000, 0x00000000fc400000| Untracked 
|   5|0x00000000fc500000, 0x00000000fc600000, 0x00000000fc600000|100%| O|  |TAMS 0x00000000fc500000, 0x00000000fc500000| Untracked 
|   6|0x00000000fc600000, 0x00000000fc700000, 0x00000000fc700000|100%| O|  |TAMS 0x00000000fc600000, 0x00000000fc600000| Untracked 
|   7|0x00000000fc700000, 0x00000000fc800000, 0x00000000fc800000|100%| O|  |TAMS 0x00000000fc700000, 0x00000000fc700000| Untracked 
|   8|0x00000000fc800000, 0x00000000fc900000, 0x00000000fc900000|100%| O|  |TAMS 0x00000000fc800000, 0x00000000fc800000| Untracked 
|   9|0x00000000fc900000, 0x00000000fca00000, 0x00000000fca00000|100%| O|  |TAMS 0x00000000fc900000, 0x00000000fc900000| Untracked 
|  10|0x00000000fca00000, 0x00000000fca73400, 0x00000000fcb00000| 45%| O|  |TAMS 0x00000000fca00000, 0x00000000fca00000| Untracked 
|  11|0x00000000fcb00000, 0x00000000fcb00000, 0x00000000fcc00000|  0%| F|  |TAMS 0x00000000fcb00000, 0x00000000fcb00000| Untracked 
|  12|0x00000000fcc00000, 0x00000000fcc00000, 0x00000000fcd00000|  0%| F|  |TAMS 0x00000000fcc00000, 0x00000000fcc00000| Untracked 
|  13|0x00000000fcd00000, 0x00000000fcd00000, 0x00000000fce00000|  0%| F|  |TAMS 0x00000000fcd00000, 0x00000000fcd00000| Untracked 
|  14|0x00000000fce00000, 0x00000000fce00000, 0x00000000fcf00000|  0%| F|  |TAMS 0x00000000fce00000, 0x00000000fce00000| Untracked 
|  15|0x00000000fcf00000, 0x00000000fcf00000, 0x00000000fd000000|  0%| F|  |TAMS 0x00000000fcf00000, 0x00000000fcf00000| Untracked 
|  16|0x00000000fd000000, 0x00000000fd000000, 0x00000000fd100000|  0%| F|  |TAMS 0x00000000fd000000, 0x00000000fd000000| Untracked 
|  17|0x00000000fd100000, 0x00000000fd100000, 0x00000000fd200000|  0%| F|  |TAMS 0x00000000fd100000, 0x00000000fd100000| Untracked 
|  18|0x00000000fd200000, 0x00000000fd200000, 0x00000000fd300000|  0%| F|  |TAMS 0x00000000fd200000, 0x00000000fd200000| Untracked 
|  19|0x00000000fd300000, 0x00000000fd300000, 0x00000000fd400000|  0%| F|  |TAMS 0x00000000fd300000, 0x00000000fd300000| Untracked 
|  20|0x00000000fd400000, 0x00000000fd400000, 0x00000000fd500000|  0%| F|  |TAMS 0x00000000fd400000, 0x00000000fd400000| Untracked 
|  21|0x00000000fd500000, 0x00000000fd500000, 0x00000000fd600000|  0%| F|  |TAMS 0x00000000fd500000, 0x00000000fd500000| Untracked 
|  22|0x00000000fd600000, 0x00000000fd600000, 0x00000000fd700000|  0%| F|  |TAMS 0x00000000fd600000, 0x00000000fd600000| Untracked 
|  23|0x00000000fd700000, 0x00000000fd700000, 0x00000000fd800000|  0%| F|  |TAMS 0x00000000fd700000, 0x00000000fd700000| Untracked 
|  24|0x00000000fd800000, 0x00000000fd800000, 0x00000000fd900000|  0%| F|  |TAMS 0x00000000fd800000, 0x00000000fd800000| Untracked 
|  25|0x00000000fd900000, 0x00000000fd900000, 0x00000000fda00000|  0%| F|  |TAMS 0x00000000fd900000, 0x00000000fd900000| Untracked 
|  26|0x00000000fda00000, 0x00000000fda00000, 0x00000000fdb00000|  0%| F|  |TAMS 0x00000000fda00000, 0x00000000fda00000| Untracked 
|  27|0x00000000fdb00000, 0x00000000fdb00000, 0x00000000fdc00000|  0%| F|  |TAMS 0x00000000fdb00000, 0x00000000fdb00000| Untracked 
|  28|0x00000000fdc00000, 0x00000000fdc00000, 0x00000000fdd00000|  0%| F|  |TAMS 0x00000000fdc00000, 0x00000000fdc00000| Untracked 
|  29|0x00000000fdd00000, 0x00000000fdd00000, 0x00000000fde00000|  0%| F|  |TAMS 0x00000000fdd00000, 0x00000000fdd00000| Untracked 
|  30|0x00000000fde00000, 0x00000000fde00000, 0x00000000fdf00000|  0%| F|  |TAMS 0x00000000fde00000, 0x00000000fde00000| Untracked 
|  31|0x00000000fdf00000, 0x00000000fdf00000, 0x00000000fe000000|  0%| F|  |TAMS 0x00000000fdf00000, 0x00000000fdf00000| Untracked 
|  32|0x00000000fe000000, 0x00000000fe000000, 0x00000000fe100000|  0%| F|  |TAMS 0x00000000fe000000, 0x00000000fe000000| Untracked 
|  33|0x00000000fe100000, 0x00000000fe100000, 0x00000000fe200000|  0%| F|  |TAMS 0x00000000fe100000, 0x00000000fe100000| Untracked 
|  34|0x00000000fe200000, 0x00000000fe200000, 0x00000000fe300000|  0%| F|  |TAMS 0x00000000fe200000, 0x00000000fe200000| Untracked 
|  35|0x00000000fe300000, 0x00000000fe3e77a0, 0x00000000fe400000| 90%| S|CS|TAMS 0x00000000fe300000, 0x00000000fe300000| Complete 
|  36|0x00000000fe400000, 0x00000000fe500000, 0x00000000fe500000|100%| S|CS|TAMS 0x00000000fe400000, 0x00000000fe400000| Complete 
|  37|0x00000000fe500000, 0x00000000fe500000, 0x00000000fe600000|  0%| F|  |TAMS 0x00000000fe500000, 0x00000000fe500000| Untracked 
|  38|0x00000000fe600000, 0x00000000fe600000, 0x00000000fe700000|  0%| F|  |TAMS 0x00000000fe600000, 0x00000000fe600000| Untracked 
|  39|0x00000000fe700000, 0x00000000fe700000, 0x00000000fe800000|  0%| F|  |TAMS 0x00000000fe700000, 0x00000000fe700000| Untracked 
|  40|0x00000000fe800000, 0x00000000fe800000, 0x00000000fe900000|  0%| F|  |TAMS 0x00000000fe800000, 0x00000000fe800000| Untracked 
|  41|0x00000000fe900000, 0x00000000fe900000, 0x00000000fea00000|  0%| F|  |TAMS 0x00000000fe900000, 0x00000000fe900000| Untracked 
|  42|0x00000000fea00000, 0x00000000fea00000, 0x00000000feb00000|  0%| F|  |TAMS 0x00000000fea00000, 0x00000000fea00000| Untracked 
|  43|0x00000000feb00000, 0x00000000feb00000, 0x00000000fec00000|  0%| F|  |TAMS 0x00000000feb00000, 0x00000000feb00000| Untracked 
|  44|0x00000000fec00000, 0x00000000fec00000, 0x00000000fed00000|  0%| F|  |TAMS 0x00000000fec00000, 0x00000000fec00000| Untracked 
|  45|0x00000000fed00000, 0x00000000fed00000, 0x00000000fee00000|  0%| F|  |TAMS 0x00000000fed00000, 0x00000000fed00000| Untracked 
|  46|0x00000000fee00000, 0x00000000fee00000, 0x00000000fef00000|  0%| F|  |TAMS 0x00000000fee00000, 0x00000000fee00000| Untracked 
|  47|0x00000000fef00000, 0x00000000fef00000, 0x00000000ff000000|  0%| F|  |TAMS 0x00000000fef00000, 0x00000000fef00000| Untracked 
|  48|0x00000000ff000000, 0x00000000ff000000, 0x00000000ff100000|  0%| F|  |TAMS 0x00000000ff000000, 0x00000000ff000000| Untracked 
|  49|0x00000000ff100000, 0x00000000ff100000, 0x00000000ff200000|  0%| F|  |TAMS 0x00000000ff100000, 0x00000000ff100000| Untracked 
|  50|0x00000000ff200000, 0x00000000ff200000, 0x00000000ff300000|  0%| F|  |TAMS 0x00000000ff200000, 0x00000000ff200000| Untracked 
|  51|0x00000000ff300000, 0x00000000ff300000, 0x00000000ff400000|  0%| F|  |TAMS 0x00000000ff300000, 0x00000000ff300000| Untracked 
|  52|0x00000000ff400000, 0x00000000ff400000, 0x00000000ff500000|  0%| F|  |TAMS 0x00000000ff400000, 0x00000000ff400000| Untracked 
|  53|0x00000000ff500000, 0x00000000ff59e6a8, 0x00000000ff600000| 61%| E|  |TAMS 0x00000000ff500000, 0x00000000ff500000| Complete 
|  54|0x00000000ff600000, 0x00000000ff700000, 0x00000000ff700000|100%| E|CS|TAMS 0x00000000ff600000, 0x00000000ff600000| Complete 
|  55|0x00000000ff700000, 0x00000000ff800000, 0x00000000ff800000|100%| E|CS|TAMS 0x00000000ff700000, 0x00000000ff700000| Complete 
|  56|0x00000000ff800000, 0x00000000ff900000, 0x00000000ff900000|100%| E|CS|TAMS 0x00000000ff800000, 0x00000000ff800000| Complete 
|  57|0x00000000ff900000, 0x00000000ffa00000, 0x00000000ffa00000|100%| E|CS|TAMS 0x00000000ff900000, 0x00000000ff900000| Complete 
|  58|0x00000000ffa00000, 0x00000000ffb00000, 0x00000000ffb00000|100%| E|CS|TAMS 0x00000000ffa00000, 0x00000000ffa00000| Complete 
|  59|0x00000000ffb00000, 0x00000000ffc00000, 0x00000000ffc00000|100%| E|CS|TAMS 0x00000000ffb00000, 0x00000000ffb00000| Complete 
|  60|0x00000000ffc00000, 0x00000000ffd00000, 0x00000000ffd00000|100%| E|CS|TAMS 0x00000000ffc00000, 0x00000000ffc00000| Complete 
|  61|0x00000000ffd00000, 0x00000000ffe00000, 0x00000000ffe00000|100%| E|CS|TAMS 0x00000000ffd00000, 0x00000000ffd00000| Complete 
|  62|0x00000000ffe00000, 0x00000000fff00000, 0x00000000fff00000|100%| E|CS|TAMS 0x00000000ffe00000, 0x00000000ffe00000| Complete 
|  63|0x00000000fff00000, 0x0000000100000000, 0x0000000100000000|100%| E|CS|TAMS 0x00000000fff00000, 0x00000000fff00000| Complete 

Card table byte_map: [0x0000024680790000,0x00000246807b0000] _byte_map_base: 0x000002467ffb0000

Marking Bits (Prev, Next): (CMBitMap*) 0x000002468086ba80, (CMBitMap*) 0x000002468086bac0
 Prev Bits: [0x00000246976f0000, 0x00000246977f0000)
 Next Bits: [0x00000246977f0000, 0x00000246978f0000)

Polling page: 0x0000024680000000

Metaspace:

Usage:
  Non-class:      9.28 MB used.
      Class:      1.34 MB used.
       Both:     10.63 MB used.

Virtual space:
  Non-class space:       64.00 MB reserved,       9.44 MB ( 15%) committed,  1 nodes.
      Class space:        1.00 GB reserved,       1.50 MB ( <1%) committed,  1 nodes.
             Both:        1.06 GB reserved,      10.94 MB (  1%) committed. 

Chunk freelists:
   Non-Class:  6.16 MB
       Class:  14.56 MB
        Both:  20.72 MB

MaxMetaspaceSize: unlimited
CompressedClassSpaceSize: 1.00 GB
Initial GC threshold: 21.00 MB
Current GC threshold: 21.00 MB
CDS: on
MetaspaceReclaimPolicy: balanced
 - commit_granule_bytes: 65536.
 - commit_granule_words: 8192.
 - virtual_space_node_default_size: 8388608.
 - enlarge_chunks_in_place: 1.
 - new_chunks_are_fully_committed: 0.
 - uncommit_free_chunks: 1.
 - use_allocation_guard: 0.
 - handle_deallocations: 1.


Internal statistics:

num_allocs_failed_limit: 0.
num_arena_births: 122.
num_arena_deaths: 0.
num_vsnodes_births: 2.
num_vsnodes_deaths: 0.
num_space_committed: 175.
num_space_uncommitted: 0.
num_chunks_returned_to_freelist: 0.
num_chunks_taken_from_freelist: 421.
num_chunk_merges: 0.
num_chunk_splits: 267.
num_chunks_enlarged: 205.
num_inconsistent_stats: 0.

CodeHeap 'non-profiled nmethods': size=120000Kb used=1535Kb max_used=1535Kb free=118464Kb
 bounds [0x000002468fe80000, 0x00000246900f0000, 0x00000246973b0000]
CodeHeap 'profiled nmethods': size=120000Kb used=4690Kb max_used=4690Kb free=115309Kb
 bounds [0x00000246883b0000, 0x0000024688850000, 0x000002468f8e0000]
CodeHeap 'non-nmethods': size=5760Kb used=1186Kb max_used=1257Kb free=4573Kb
 bounds [0x000002468f8e0000, 0x000002468fb50000, 0x000002468fe80000]
 total_blobs=2945 nmethods=2464 adapters=393
 compilation: enabled
              stopped_count=0, restarted_count=0
 full_count=0

Compilation events (20 events):
Event: 169.545 Thread 0x000002469a2cfc50 2457       3       java.util.ArrayList::readObject (118 bytes)
Event: 169.547 Thread 0x000002469a2cfc50 nmethod 2457 0x000002468883de90 code [0x000002468883e1c0, 0x000002468883f3c8]
Event: 169.547 Thread 0x000002469a2cfc50 2458       1       java.util.Collections$EmptyList::size (2 bytes)
Event: 169.548 Thread 0x000002469a2cfc50 nmethod 2458 0x000002468fff0810 code [0x000002468fff09a0, 0x000002468fff0a78]
Event: 169.548 Thread 0x000002469a2cfc50 2459       3       org.gradle.internal.serialize.ExceptionPlaceholder::recreateExceptions (99 bytes)
Event: 169.549 Thread 0x000002469a2cfc50 nmethod 2459 0x000002468883fa90 code [0x000002468883fd80, 0x0000024688841148]
Event: 169.549 Thread 0x000002469a2cfc50 2460       1       org.gradle.internal.serialize.ClassLoaderObjectInputStream::getClassLoader (5 bytes)
Event: 169.549 Thread 0x000002469a2cfc50 nmethod 2460 0x000002468fff0b10 code [0x000002468fff0ca0, 0x000002468fff0d78]
Event: 169.549 Thread 0x000002469a2cfc50 2461       1       org.gradle.internal.serialize.ExceptionReplacingObjectInputStream::setObjectTransformer (6 bytes)
Event: 169.549 Thread 0x000002469a2cfc50 nmethod 2461 0x000002468fff0e10 code [0x000002468fff0fa0, 0x000002468fff10b8]
Event: 169.549 Thread 0x000002469a2cfc50 2463       3       java.lang.Throwable::readObject (236 bytes)
Event: 169.552 Thread 0x000002469a2cfc50 nmethod 2463 0x0000024688841710 code [0x0000024688841ac0, 0x0000024688843648]
Event: 169.620 Thread 0x000002469a2cfc50 2466       1       java.lang.Throwable::getMessage (5 bytes)
Event: 169.620 Thread 0x000002469a2cfc50 nmethod 2466 0x000002468fff1110 code [0x000002468fff12a0, 0x000002468fff1378]
Event: 169.784 Thread 0x000002469a2cfc50 2467       3       java.util.IdentityHashMap::maskNull (12 bytes)
Event: 169.784 Thread 0x000002469a2cfc50 nmethod 2467 0x0000024688843f10 code [0x00000246888440a0, 0x00000246888441d8]
Event: 169.784 Thread 0x000002469a2cfc50 2468       3       java.util.IdentityHashMap::hash (18 bytes)
Event: 169.784 Thread 0x000002469a2cfc50 nmethod 2468 0x0000024688844290 code [0x0000024688844440, 0x0000024688844568]
Event: 169.916 Thread 0x000002469a2cfc50 2469       3       java.util.AbstractCollection::isEmpty (13 bytes)
Event: 169.916 Thread 0x000002469a2cfc50 nmethod 2469 0x0000024688844610 code [0x00000246888447c0, 0x00000246888449e8]

GC Heap History (6 events):
Event: 0.462 GC heap before
{Heap before GC invocations=0 (full 0):
 garbage-first heap   total 65536K, used 23552K [0x00000000fc000000, 0x0000000100000000)
  region size 1024K, 23 young (23552K), 0 survivors (0K)
 Metaspace       used 1695K, committed 1792K, reserved 1114112K
  class space    used 158K, committed 192K, reserved 1048576K
}
Event: 0.465 GC heap after
{Heap after GC invocations=1 (full 0):
 garbage-first heap   total 65536K, used 1792K [0x00000000fc000000, 0x0000000100000000)
  region size 1024K, 2 young (2048K), 2 survivors (2048K)
 Metaspace       used 1695K, committed 1792K, reserved 1114112K
  class space    used 158K, committed 192K, reserved 1048576K
}
Event: 1.460 GC heap before
{Heap before GC invocations=1 (full 0):
 garbage-first heap   total 65536K, used 36608K [0x00000000fc000000, 0x0000000100000000)
  region size 1024K, 33 young (33792K), 2 survivors (2048K)
 Metaspace       used 7780K, committed 8000K, reserved 1114112K
  class space    used 1040K, committed 1152K, reserved 1048576K
}
Event: 1.465 GC heap after
{Heap after GC invocations=2 (full 0):
 garbage-first heap   total 65536K, used 10776K [0x00000000fc000000, 0x0000000100000000)
  region size 1024K, 5 young (5120K), 5 survivors (5120K)
 Metaspace       used 7780K, committed 8000K, reserved 1114112K
  class space    used 1040K, committed 1152K, reserved 1048576K
}
Event: 167.975 GC heap before
{Heap before GC invocations=2 (full 0):
 garbage-first heap   total 65536K, used 38424K [0x00000000fc000000, 0x0000000100000000)
  region size 1024K, 32 young (32768K), 5 survivors (5120K)
 Metaspace       used 10845K, committed 11136K, reserved 1114112K
  class space    used 1374K, committed 1536K, reserved 1048576K
}
Event: 167.985 GC heap after
{Heap after GC invocations=3 (full 0):
 garbage-first heap   total 65536K, used 12650K [0x00000000fc000000, 0x0000000100000000)
  region size 1024K, 2 young (2048K), 2 survivors (2048K)
 Metaspace       used 10845K, committed 11136K, reserved 1114112K
  class space    used 1374K, committed 1536K, reserved 1048576K
}

Dll operation events (13 events):
Event: 0.007 Loaded shared library C:\Program Files\Eclipse Adoptium\jdk-17.0.18.8-hotspot\bin\java.dll
Event: 0.021 Loaded shared library C:\Program Files\Eclipse Adoptium\jdk-17.0.18.8-hotspot\bin\jsvml.dll
Event: 0.056 Loaded shared library C:\Program Files\Eclipse Adoptium\jdk-17.0.18.8-hotspot\bin\net.dll
Event: 0.069 Loaded shared library C:\Program Files\Eclipse Adoptium\jdk-17.0.18.8-hotspot\bin\nio.dll
Event: 0.082 Loaded shared library C:\Program Files\Eclipse Adoptium\jdk-17.0.18.8-hotspot\bin\zip.dll
Event: 0.466 Loaded shared library C:\Program Files\Eclipse Adoptium\jdk-17.0.18.8-hotspot\bin\jimage.dll
Event: 0.842 Loaded shared library C:\Program Files\Eclipse Adoptium\jdk-17.0.18.8-hotspot\bin\management.dll
Event: 0.855 Loaded shared library C:\Program Files\Eclipse Adoptium\jdk-17.0.18.8-hotspot\bin\management_ext.dll
Event: 0.912 Loaded shared library C:\Program Files\Eclipse Adoptium\jdk-17.0.18.8-hotspot\bin\verify.dll
Event: 0.930 Loaded shared library C:\Users\Dell Latitude 7390\.gradle\native\1def1411415f61bf3af743bc5b6707747c0891f09f0c88961ee8f79bc544acac\windows-amd64\native-platform.dll
Event: 0.978 Loaded shared library C:\Users\Dell Latitude 7390\.gradle\native\jansi\1.18\windows64\jansi.dll
Event: 1.387 Loaded shared library C:\Program Files\Eclipse Adoptium\jdk-17.0.18.8-hotspot\bin\extnet.dll
Event: 3.960 Loaded shared library C:\Program Files\Eclipse Adoptium\jdk-17.0.18.8-hotspot\bin\sunmscapi.dll

Deoptimization events (20 events):
Event: 167.533 Thread 0x0000024680848150 DEOPT PACKING pc=0x000002468ff68f04 sp=0x0000008d6a8fd6b0
Event: 167.533 Thread 0x0000024680848150 DEOPT UNPACKING pc=0x000002468f9369a3 sp=0x0000008d6a8fd6b8 mode 2
Event: 167.676 Thread 0x0000024680848150 Uncommon trap: trap_request=0xffffffde fr.pc=0x000002468ff68f04 relative=0x00000000000037a4
Event: 167.676 Thread 0x0000024680848150 Uncommon trap: reason=class_check action=maybe_recompile pc=0x000002468ff68f04 method=org.gradle.internal.logging.sink.OutputEventTransformer.onOutput(Lorg/gradle/internal/logging/events/OutputEvent;)V @ 272 c2
Event: 167.676 Thread 0x0000024680848150 DEOPT PACKING pc=0x000002468ff68f04 sp=0x0000008d6a8fd6b0
Event: 167.676 Thread 0x0000024680848150 DEOPT UNPACKING pc=0x000002468f9369a3 sp=0x0000008d6a8fd6b8 mode 2
Event: 167.991 Thread 0x0000024680848150 Uncommon trap: trap_request=0xffffff45 fr.pc=0x000002468ffb5750 relative=0x0000000000000a90
Event: 167.991 Thread 0x0000024680848150 Uncommon trap: reason=unstable_if action=reinterpret pc=0x000002468ffb5750 method=java.io.ObjectInputStream$BlockDataInputStream.readUTFSpan(Ljava/lang/StringBuilder;J)J @ 35 c2
Event: 167.991 Thread 0x0000024680848150 DEOPT PACKING pc=0x000002468ffb5750 sp=0x0000008d6a8fbfe0
Event: 167.991 Thread 0x0000024680848150 DEOPT UNPACKING pc=0x000002468f9369a3 sp=0x0000008d6a8fbf80 mode 2
Event: 168.006 Thread 0x0000024680848150 Uncommon trap: trap_request=0xffffff45 fr.pc=0x000002468ff52e48 relative=0x0000000000000528
Event: 168.021 Thread 0x0000024680848150 Uncommon trap: reason=unstable_if action=reinterpret pc=0x000002468ff52e48 method=com.esotericsoftware.kryo.io.Input.readUtf8(I)V @ 79 c2
Event: 168.022 Thread 0x0000024680848150 DEOPT PACKING pc=0x000002468ff52e48 sp=0x0000008d6a8fd460
Event: 168.022 Thread 0x0000024680848150 DEOPT UNPACKING pc=0x000002468f9369a3 sp=0x0000008d6a8fd3f8 mode 2
Event: 168.339 Thread 0x00000246e041e980 DEOPT PACKING pc=0x00000246887dae64 sp=0x0000008d6c0fe8b0
Event: 168.339 Thread 0x00000246e041e980 DEOPT UNPACKING pc=0x000002468f937143 sp=0x0000008d6c0fdd80 mode 0
Event: 168.407 Thread 0x00000246e041e980 DEOPT PACKING pc=0x0000024688723477 sp=0x0000008d6c0fe150
Event: 168.407 Thread 0x00000246e041e980 DEOPT UNPACKING pc=0x000002468f937143 sp=0x0000008d6c0fd5c0 mode 0
Event: 168.426 Thread 0x00000246e041e980 DEOPT PACKING pc=0x00000246887dae64 sp=0x0000008d6c0feac0
Event: 168.426 Thread 0x00000246e041e980 DEOPT UNPACKING pc=0x000002468f937143 sp=0x0000008d6c0fdf90 mode 0

Classes loaded (20 events):
Event: 167.449 Loading class java/io/ObjectStreamClass$FieldReflectorKey
Event: 167.449 Loading class java/io/ObjectStreamClass$FieldReflectorKey done
Event: 167.449 Loading class java/io/ObjectStreamClass$FieldReflector
Event: 167.449 Loading class java/io/ObjectStreamClass$FieldReflector done
Event: 167.451 Loading class java/io/ObjectStreamClass$ClassDataSlot
Event: 167.452 Loading class java/io/ObjectStreamClass$ClassDataSlot done
Event: 167.452 Loading class java/io/ObjectInputStream$FieldValues
Event: 167.452 Loading class java/io/ObjectInputStream$GetField
Event: 167.452 Loading class java/io/ObjectInputStream$GetField done
Event: 167.452 Loading class java/io/ObjectInputStream$FieldValues done
Event: 167.454 Loading class java/util/function/UnaryOperator
Event: 167.454 Loading class java/util/function/UnaryOperator done
Event: 167.457 Loading class java/io/ObjectStreamClass$ExceptionInfo
Event: 167.458 Loading class java/io/ObjectStreamClass$ExceptionInfo done
Event: 167.460 Loading class java/io/SerialCallbackContext
Event: 167.460 Loading class java/io/SerialCallbackContext done
Event: 167.474 Loading class java/lang/Throwable$PrintStreamOrWriter
Event: 167.475 Loading class java/lang/Throwable$PrintStreamOrWriter done
Event: 167.527 Loading class java/lang/Throwable$WrappedPrintWriter
Event: 167.527 Loading class java/lang/Throwable$WrappedPrintWriter done

Classes unloaded (0 events):
No events

Classes redefined (0 events):
No events

Internal exceptions (20 events):
Event: 0.871 Thread 0x0000024680848150 Exception <a 'java/lang/NoSuchMethodError'{0x00000000fef74fb0}: 'void java.lang.invoke.DirectMethodHandle$Holder.invokeStatic(java.lang.Object, java.lang.Object)'> (0x00000000fef74fb0) 
thrown [s\src\hotspot\share\interpreter\linkResolver.cpp, line 759]
Event: 0.874 Thread 0x0000024680848150 Implicit null exception at 0x000002468fee170f to 0x000002468fee1c8c
Event: 0.945 Thread 0x0000024680848150 Exception <a 'java/lang/NoSuchMethodError'{0x00000000fed29a58}: 'java.lang.Object java.lang.invoke.Invokers$Holder.invoker(java.lang.Object, java.lang.Object, java.lang.Object)'> (0x00000000fed29a58) 
thrown [s\src\hotspot\share\interpreter\linkResolver.cpp, line 759]
Event: 0.946 Thread 0x0000024680848150 Exception <a 'java/lang/NoSuchMethodError'{0x00000000fed32bb0}: 'java.lang.Object java.lang.invoke.DirectMethodHandle$Holder.invokeStatic(java.lang.Object, java.lang.Object, int)'> (0x00000000fed32bb0) 
thrown [s\src\hotspot\share\interpreter\linkResolver.cpp, line 759]
Event: 0.947 Thread 0x0000024680848150 Exception <a 'java/lang/NoSuchMethodError'{0x00000000fed3e8a0}: 'void java.lang.invoke.DelegatingMethodHandle$Holder.delegate(java.lang.Object, java.lang.Object, int, java.lang.Object)'> (0x00000000fed3e8a0) 
thrown [s\src\hotspot\share\interpreter\linkResolver.cpp, line 759]
Event: 0.949 Thread 0x0000024680848150 Exception <a 'java/lang/NoSuchMethodError'{0x00000000fed51ee8}: 'java.lang.Object java.lang.invoke.Invokers$Holder.invokeExact_MT(java.lang.Object, java.lang.Object, java.lang.Object, java.lang.Object)'> (0x00000000fed51ee8) 
thrown [s\src\hotspot\share\interpreter\linkResolver.cpp, line 759]
Event: 0.954 Thread 0x0000024680848150 Exception <a 'java/lang/NoSuchMethodError'{0x00000000fed791d8}: 'java.lang.Object java.lang.invoke.DirectMethodHandle$Holder.invokeVirtual(java.lang.Object, java.lang.Object, java.lang.Object)'> (0x00000000fed791d8) 
thrown [s\src\hotspot\share\interpreter\linkResolver.cpp, line 759]
Event: 1.060 Thread 0x0000024680848150 Exception <a 'java/lang/NoSuchMethodError'{0x00000000fe96d098}: 'java.lang.Object java.lang.invoke.DirectMethodHandle$Holder.newInvokeSpecial(java.lang.Object, java.lang.Object, java.lang.Object, java.lang.Object, java.lang.Object)'> (0x00000000fe96d098) 
thrown [s\src\hotspot\share\interpreter\linkResolver.cpp, line 759]
Event: 1.088 Thread 0x0000024680848150 Exception <a 'java/lang/NoSuchMethodError'{0x00000000fe6a4a40}: 'void java.lang.invoke.DirectMethodHandle$Holder.invokeSpecial(java.lang.Object, java.lang.Object, java.lang.Object)'> (0x00000000fe6a4a40) 
thrown [s\src\hotspot\share\interpreter\linkResolver.cpp, line 759]
Event: 1.089 Thread 0x0000024680848150 Implicit null exception at 0x000002468fecaa8f to 0x000002468fecb014
Event: 1.109 Thread 0x0000024680848150 Exception <a 'java/lang/NoSuchMethodError'{0x00000000fe552b10}: 'java.lang.Object java.lang.invoke.DirectMethodHandle$Holder.invokeStaticInit(java.lang.Object, int, int, int, int)'> (0x00000000fe552b10) 
thrown [s\src\hotspot\share\interpreter\linkResolver.cpp, line 759]
Event: 1.200 Thread 0x0000024680848150 Exception <a 'java/lang/NoSuchMethodError'{0x00000000fe4407f8}: 'java.lang.Object java.lang.invoke.DirectMethodHandle$Holder.invokeStaticInit(java.lang.Object, java.lang.Object, int, int, int, int)'> (0x00000000fe4407f8) 
thrown [s\src\hotspot\share\interpreter\linkResolver.cpp, line 759]
Event: 1.206 Thread 0x0000024680848150 Exception <a 'java/lang/NoSuchMethodError'{0x00000000fe4737e0}: 'int java.lang.invoke.DirectMethodHandle$Holder.invokeStatic(java.lang.Object)'> (0x00000000fe4737e0) 
thrown [s\src\hotspot\share\interpreter\linkResolver.cpp, line 759]
Event: 1.206 Thread 0x0000024680848150 Exception <a 'java/lang/NoSuchMethodError'{0x00000000fe476f38}: 'int java.lang.invoke.DirectMethodHandle$Holder.invokeStaticInit(java.lang.Object)'> (0x00000000fe476f38) 
thrown [s\src\hotspot\share\interpreter\linkResolver.cpp, line 759]
Event: 1.389 Thread 0x0000024680848150 Exception <a 'java/lang/NoSuchMethodError'{0x00000000fe20fa80}: 'void java.lang.invoke.DirectMethodHandle$Holder.invokeStatic(java.lang.Object, java.lang.Object, java.lang.Object)'> (0x00000000fe20fa80) 
thrown [s\src\hotspot\share\interpreter\linkResolver.cpp, line 759]
Event: 1.685 Thread 0x00000246e0de9c20 Exception <a 'java/lang/NoSuchMethodError'{0x00000000ff88e0d0}: 'void java.lang.invoke.DirectMethodHandle$Holder.invokeStatic(java.lang.Object, long)'> (0x00000000ff88e0d0) 
thrown [s\src\hotspot\share\interpreter\linkResolver.cpp, line 759]
Event: 1.685 Thread 0x00000246e0de9c20 Exception <a 'java/lang/NoSuchMethodError'{0x00000000ff893a28}: 'java.lang.Object java.lang.invoke.DirectMethodHandle$Holder.newInvokeSpecial(java.lang.Object, long)'> (0x00000000ff893a28) 
thrown [s\src\hotspot\share\interpreter\linkResolver.cpp, line 759]
Event: 1.688 Thread 0x00000246e0de9c20 Exception <a 'java/lang/NoSuchMethodError'{0x00000000ff89e640}: 'java.lang.Object java.lang.invoke.DirectMethodHandle$Holder.invokeStaticInit(java.lang.Object, java.lang.Object, long, java.lang.Object)'> (0x00000000ff89e640) 
thrown [s\src\hotspot\share\interpreter\linkResolver.cpp, line 759]
Event: 1.688 Thread 0x00000246e0de9c20 Exception <a 'java/lang/NoSuchMethodError'{0x00000000ff8a4cc8}: 'java.lang.Object java.lang.invoke.DirectMethodHandle$Holder.newInvokeSpecial(java.lang.Object, java.lang.Object, long)'> (0x00000000ff8a4cc8) 
thrown [s\src\hotspot\share\interpreter\linkResolver.cpp, line 759]
Event: 1.689 Thread 0x00000246e0de9c20 Exception <a 'java/lang/NoSuchMethodError'{0x00000000ff8a8fb8}: 'java.lang.Object java.lang.invoke.Invokers$Holder.linkToTargetMethod(java.lang.Object, long, java.lang.Object)'> (0x00000000ff8a8fb8) 
thrown [s\src\hotspot\share\interpreter\linkResolver.cpp, line 759]

VM Operations (20 events):
Event: 156.557 Executing VM operation: Cleanup
Event: 156.558 Executing VM operation: Cleanup done
Event: 157.564 Executing VM operation: Cleanup
Event: 157.564 Executing VM operation: Cleanup done
Event: 159.574 Executing VM operation: Cleanup
Event: 159.574 Executing VM operation: Cleanup done
Event: 163.611 Executing VM operation: Cleanup
Event: 163.611 Executing VM operation: Cleanup done
Event: 164.612 Executing VM operation: Cleanup
Event: 164.612 Executing VM operation: Cleanup done
Event: 165.617 Executing VM operation: Cleanup
Event: 165.617 Executing VM operation: Cleanup done
Event: 167.619 Executing VM operation: Cleanup
Event: 167.619 Executing VM operation: Cleanup done
Event: 167.975 Executing VM operation: G1CollectForAllocation
Event: 167.985 Executing VM operation: G1CollectForAllocation done
Event: 168.992 Executing VM operation: Cleanup
Event: 168.992 Executing VM operation: Cleanup done
Event: 169.993 Executing VM operation: Cleanup
Event: 169.993 Executing VM operation: Cleanup done

Memory protections (0 events):
No events

Nmethod flushes (0 events):
No events

Events (20 events):
Event: 0.408 Thread 0x000002469a2cfc50 Thread added: 0x000002469a697cf0
Event: 0.458 Thread 0x000002469a2cfc50 Thread added: 0x000002469a6fefc0
Event: 1.009 Thread 0x0000024680848150 Thread added: 0x00000246e041e980
Event: 1.388 Thread 0x000002469a6fefc0 Thread exited: 0x000002469a6fefc0
Event: 1.388 Thread 0x000002469a697cf0 Thread exited: 0x000002469a697cf0
Event: 1.529 Thread 0x000002469a2cfc50 Thread added: 0x00000246e0f12d90
Event: 1.611 Thread 0x0000024680848150 Thread added: 0x00000246e0de9c20
Event: 1.690 Thread 0x00000246e0de9c20 Thread added: 0x00000246e0dfa280
Event: 1.691 Thread 0x00000246e0dfa280 Thread exited: 0x00000246e0dfa280
Event: 1.691 Thread 0x00000246e0de9c20 Thread added: 0x00000246e0dfa280
Event: 1.811 Thread 0x00000246e0f12d90 Thread exited: 0x00000246e0f12d90
Event: 3.826 Thread 0x00000246e0dfa280 Thread exited: 0x00000246e0dfa280
Event: 3.829 Thread 0x00000246e0de9c20 Thread exited: 0x00000246e0de9c20
Event: 3.980 Thread 0x000002469a2cfc50 Thread added: 0x00000246e12f5290
Event: 4.520 Thread 0x00000246e12f5290 Thread exited: 0x00000246e12f5290
Event: 155.517 Thread 0x000002469a2ced90 Thread added: 0x00000246e08e6900
Event: 158.317 Thread 0x00000246e08e6900 Thread exited: 0x00000246e08e6900
Event: 167.568 Thread 0x000002469a2cfc50 Thread added: 0x00000246e17ce900
Event: 169.180 Thread 0x00000246e17ce900 Thread exited: 0x00000246e17ce900
Event: 169.492 Thread 0x000002469a2ced90 Thread added: 0x00000246e0226a50


Dynamic libraries:
0x00007ff7552d0000 - 0x00007ff7552de000 	C:\Program Files\Eclipse Adoptium\jdk-17.0.18.8-hotspot\bin\java.exe
0x00007ffd32830000 - 0x00007ffd32a47000 	C:\WINDOWS\SYSTEM32\ntdll.dll
0x00007ffd319d0000 - 0x00007ffd31a94000 	C:\WINDOWS\System32\KERNEL32.DLL
0x00007ffd300b0000 - 0x00007ffd30482000 	C:\WINDOWS\System32\KERNELBASE.dll
0x00007ffd2fca0000 - 0x00007ffd2fdb1000 	C:\WINDOWS\System32\ucrtbase.dll
0x00007ffd19bd0000 - 0x00007ffd19be8000 	C:\Program Files\Eclipse Adoptium\jdk-17.0.18.8-hotspot\bin\jli.dll
0x00007ffd19bb0000 - 0x00007ffd19bce000 	C:\Program Files\Eclipse Adoptium\jdk-17.0.18.8-hotspot\bin\VCRUNTIME140.dll
0x00007ffd31d10000 - 0x00007ffd31ec1000 	C:\WINDOWS\System32\USER32.dll
0x00007ffd2fbd0000 - 0x00007ffd2fbf6000 	C:\WINDOWS\System32\win32u.dll
0x00007ffd18a60000 - 0x00007ffd18cfb000 	C:\WINDOWS\WinSxS\amd64_microsoft.windows.common-controls_6595b64144ccf1df_6.0.22621.5547_none_27104afb73855772\COMCTL32.dll
0x00007ffd31b50000 - 0x00007ffd31b79000 	C:\WINDOWS\System32\GDI32.dll
0x00007ffd304c0000 - 0x00007ffd30567000 	C:\WINDOWS\System32\msvcrt.dll
0x00007ffd2fdc0000 - 0x00007ffd2fee3000 	C:\WINDOWS\System32\gdi32full.dll
0x00007ffd2fc00000 - 0x00007ffd2fc9a000 	C:\WINDOWS\System32\msvcp_win.dll
0x00007ffd31ef0000 - 0x00007ffd31f21000 	C:\WINDOWS\System32\IMM32.DLL
0x00007ffd19ba0000 - 0x00007ffd19bac000 	C:\Program Files\Eclipse Adoptium\jdk-17.0.18.8-hotspot\bin\vcruntime140_1.dll
0x00007ffce3140000 - 0x00007ffce31cd000 	C:\Program Files\Eclipse Adoptium\jdk-17.0.18.8-hotspot\bin\msvcp140.dll
0x00007ffce24d0000 - 0x00007ffce313b000 	C:\Program Files\Eclipse Adoptium\jdk-17.0.18.8-hotspot\bin\server\jvm.dll
0x00007ffd31b80000 - 0x00007ffd31c31000 	C:\WINDOWS\System32\ADVAPI32.dll
0x00007ffd31c50000 - 0x00007ffd31cf8000 	C:\WINDOWS\System32\sechost.dll
0x00007ffd30490000 - 0x00007ffd304b8000 	C:\WINDOWS\System32\bcrypt.dll
0x00007ffd30960000 - 0x00007ffd30a74000 	C:\WINDOWS\System32\RPCRT4.dll
0x00007ffd30a80000 - 0x00007ffd30af1000 	C:\WINDOWS\System32\WS2_32.dll
0x00007ffd2f7f0000 - 0x00007ffd2f83d000 	C:\WINDOWS\SYSTEM32\POWRPROF.dll
0x00007ffd2b6e0000 - 0x00007ffd2b714000 	C:\WINDOWS\SYSTEM32\WINMM.dll
0x00007ffd2d6f0000 - 0x00007ffd2d6fa000 	C:\WINDOWS\SYSTEM32\VERSION.dll
0x00007ffd2f7d0000 - 0x00007ffd2f7e3000 	C:\WINDOWS\SYSTEM32\UMPDC.dll
0x00007ffd2e910000 - 0x00007ffd2e928000 	C:\WINDOWS\SYSTEM32\kernel.appcore.dll
0x00007ffd19b90000 - 0x00007ffd19b9a000 	C:\Program Files\Eclipse Adoptium\jdk-17.0.18.8-hotspot\bin\jimage.dll
0x00007ffd2c4b0000 - 0x00007ffd2c6e3000 	C:\WINDOWS\SYSTEM32\DBGHELP.DLL
0x00007ffd32450000 - 0x00007ffd327e3000 	C:\WINDOWS\System32\combase.dll
0x00007ffd318e0000 - 0x00007ffd319b7000 	C:\WINDOWS\System32\OLEAUT32.dll
0x00007ffd16350000 - 0x00007ffd16382000 	C:\WINDOWS\SYSTEM32\dbgcore.DLL
0x00007ffd2fef0000 - 0x00007ffd2ff6b000 	C:\WINDOWS\System32\bcryptPrimitives.dll
0x00007ffce24a0000 - 0x00007ffce24c5000 	C:\Program Files\Eclipse Adoptium\jdk-17.0.18.8-hotspot\bin\java.dll
0x00007ffce23c0000 - 0x00007ffce2497000 	C:\Program Files\Eclipse Adoptium\jdk-17.0.18.8-hotspot\bin\jsvml.dll
0x00007ffd30fc0000 - 0x00007ffd31862000 	C:\WINDOWS\System32\SHELL32.dll
0x00007ffd2fa90000 - 0x00007ffd2fbcf000 	C:\WINDOWS\System32\wintypes.dll
0x00007ffd2d800000 - 0x00007ffd2e11d000 	C:\WINDOWS\SYSTEM32\windows.storage.dll
0x00007ffd30570000 - 0x00007ffd3067c000 	C:\WINDOWS\System32\SHCORE.dll
0x00007ffd30c80000 - 0x00007ffd30ce9000 	C:\WINDOWS\System32\shlwapi.dll
0x00007ffd2f850000 - 0x00007ffd2f87b000 	C:\WINDOWS\SYSTEM32\profapi.dll
0x00007ffd19a90000 - 0x00007ffd19aaa000 	C:\Program Files\Eclipse Adoptium\jdk-17.0.18.8-hotspot\bin\net.dll
0x00007ffd26c80000 - 0x00007ffd26dac000 	C:\WINDOWS\SYSTEM32\WINHTTP.dll
0x00007ffd2ed80000 - 0x00007ffd2ede9000 	C:\WINDOWS\system32\mswsock.dll
0x00007ffcfd0e0000 - 0x00007ffcfd0f6000 	C:\Program Files\Eclipse Adoptium\jdk-17.0.18.8-hotspot\bin\nio.dll
0x00007ffcf9110000 - 0x00007ffcf9128000 	C:\Program Files\Eclipse Adoptium\jdk-17.0.18.8-hotspot\bin\zip.dll
0x00007ffd19b80000 - 0x00007ffd19b8a000 	C:\Program Files\Eclipse Adoptium\jdk-17.0.18.8-hotspot\bin\management.dll
0x00007ffd12580000 - 0x00007ffd1258c000 	C:\Program Files\Eclipse Adoptium\jdk-17.0.18.8-hotspot\bin\management_ext.dll
0x00007ffd31c40000 - 0x00007ffd31c48000 	C:\WINDOWS\System32\PSAPI.DLL
0x00007ffcf8bd0000 - 0x00007ffcf8be0000 	C:\Program Files\Eclipse Adoptium\jdk-17.0.18.8-hotspot\bin\verify.dll
0x00007ffce2390000 - 0x00007ffce23b7000 	C:\Users\Dell Latitude 7390\.gradle\native\1def1411415f61bf3af743bc5b6707747c0891f09f0c88961ee8f79bc544acac\windows-amd64\native-platform.dll
0x00007ffce2380000 - 0x00007ffce238a000 	C:\Users\Dell Latitude 7390\.gradle\native\jansi\1.18\windows64\jansi.dll
0x00007ffd2f0d0000 - 0x00007ffd2f0eb000 	C:\WINDOWS\SYSTEM32\CRYPTSP.dll
0x00007ffd2e870000 - 0x00007ffd2e8a7000 	C:\WINDOWS\system32\rsaenh.dll
0x00007ffd2ee20000 - 0x00007ffd2ee48000 	C:\WINDOWS\SYSTEM32\USERENV.dll
0x00007ffd2f0b0000 - 0x00007ffd2f0bc000 	C:\WINDOWS\SYSTEM32\CRYPTBASE.dll
0x00007ffd2e380000 - 0x00007ffd2e3ad000 	C:\WINDOWS\SYSTEM32\IPHLPAPI.DLL
0x00007ffd319c0000 - 0x00007ffd319c9000 	C:\WINDOWS\System32\NSI.dll
0x00007ffd276c0000 - 0x00007ffd276d9000 	C:\WINDOWS\SYSTEM32\dhcpcsvc6.DLL
0x00007ffd25900000 - 0x00007ffd2591f000 	C:\WINDOWS\SYSTEM32\dhcpcsvc.DLL
0x00007ffd2e3f0000 - 0x00007ffd2e4e8000 	C:\WINDOWS\SYSTEM32\DNSAPI.dll
0x00007ffce2370000 - 0x00007ffce2379000 	C:\Program Files\Eclipse Adoptium\jdk-17.0.18.8-hotspot\bin\extnet.dll
0x00007ffce22d0000 - 0x00007ffce22de000 	C:\Program Files\Eclipse Adoptium\jdk-17.0.18.8-hotspot\bin\sunmscapi.dll
0x00007ffd2f920000 - 0x00007ffd2fa87000 	C:\WINDOWS\System32\CRYPT32.dll
0x00007ffd2f1c0000 - 0x00007ffd2f1ed000 	C:\WINDOWS\SYSTEM32\ncrypt.dll
0x00007ffd2f180000 - 0x00007ffd2f1b7000 	C:\WINDOWS\SYSTEM32\NTASN1.dll
0x00007ffcf90f0000 - 0x00007ffcf90f8000 	C:\WINDOWS\system32\wshunix.dll

dbghelp: loaded successfully - version: 4.0.5 - missing functions: none
symbol engine: initialized successfully - sym options: 0x614 - pdb path: .;C:\Program Files\Eclipse Adoptium\jdk-17.0.18.8-hotspot\bin;C:\WINDOWS\SYSTEM32;C:\WINDOWS\WinSxS\amd64_microsoft.windows.common-controls_6595b64144ccf1df_6.0.22621.5547_none_27104afb73855772;C:\Program Files\Eclipse Adoptium\jdk-17.0.18.8-hotspot\bin\server;C:\Users\Dell Latitude 7390\.gradle\native\1def1411415f61bf3af743bc5b6707747c0891f09f0c88961ee8f79bc544acac\windows-amd64;C:\Users\Dell Latitude 7390\.gradle\native\jansi\1.18\windows64

VM Arguments:
jvm_args: -Xmx64m -Xms64m -Dorg.gradle.appname=gradlew 
java_command: D:\A UCP\a reactnative\test2\android\\gradle\wrapper\gradle-wrapper.jar clean
java_class_path (initial): D:\A UCP\a reactnative\test2\android\\gradle\wrapper\gradle-wrapper.jar
Launcher Type: SUN_STANDARD

[Global flags]
     intx CICompilerCount                          = 4                                         {product} {ergonomic}
     uint ConcGCThreads                            = 2                                         {product} {ergonomic}
     uint G1ConcRefinementThreads                  = 8                                         {product} {ergonomic}
   size_t G1HeapRegionSize                         = 1048576                                   {product} {ergonomic}
    uintx GCDrainStackTargetSize                   = 64                                        {product} {ergonomic}
   size_t InitialHeapSize                          = 67108864                                  {product} {command line}
   size_t MarkStackSize                            = 4194304                                   {product} {ergonomic}
   size_t MaxHeapSize                              = 67108864                                  {product} {command line}
   size_t MaxNewSize                               = 39845888                                  {product} {ergonomic}
   size_t MinHeapDeltaBytes                        = 1048576                                   {product} {ergonomic}
   size_t MinHeapSize                              = 67108864                                  {product} {command line}
    uintx NonNMethodCodeHeapSize                   = 5839372                                {pd product} {ergonomic}
    uintx NonProfiledCodeHeapSize                  = 122909434                              {pd product} {ergonomic}
    uintx ProfiledCodeHeapSize                     = 122909434                              {pd product} {ergonomic}
    uintx ReservedCodeCacheSize                    = 251658240                              {pd product} {ergonomic}
     bool SegmentedCodeCache                       = true                                      {product} {ergonomic}
   size_t SoftMaxHeapSize                          = 67108864                               {manageable} {ergonomic}
     bool UseCompressedClassPointers               = true                           {product lp64_product} {ergonomic}
     bool UseCompressedOops                        = true                           {product lp64_product} {ergonomic}
     bool UseG1GC                                  = true                                      {product} {ergonomic}
     bool UseLargePagesIndividualAllocation        = false                                  {pd product} {ergonomic}

Logging:
Log output configuration:
 #0: stdout all=warning uptime,level,tags
 #1: stderr all=off uptime,level,tags

Environment Variables:
JAVA_HOME=C:\Program Files\Eclipse Adoptium\jdk-17.0.18.8-hotspot
PATH=C:\WINDOWS\system32;C:\WINDOWS;C:\WINDOWS\System32\Wbem;C:\WINDOWS\System32\WindowsPowerShell\v1.0\;C:\WINDOWS\System32\OpenSSH\;C:\Program Files\dotnet\;C:\xampp\php;C:\composer;C:\ProgramData\chocolatey\bin;C:\ProgramData\ComposerSetup\bin;C:\Program Files\Git\cmd;C:\msys64\mingw64\bin;C:\Windows\System32\cmd.exe;C:\Program Files\MongoDB\Server\6.0\bin;C:\Program Files\mongosh\bin;C:\php_8.1.27;C:\Program Files\Microsoft SQL Server\150\Tools\Binn\;C:\Program Files (x86)\Windows Kits\10\Windows Performance Toolkit\;C:\Program Files\Microsoft SQL Server\Client SDK\ODBC\170\Tools\Binn\;C:\Program Files\PuTTY\;C:\Program Files\nodejs\;D:\platform-tools-latest-windows\platform-tools;D:\Android\Sdk\platform-tools;D:\Android\Sdk\emulator;D:\Android\Sdk\cmdline-tools\latest\bin;C:\Program Files\Eclipse Adoptium\jdk-17.0.18.8-hotspot\bin;C:\Users\Dell Latitude 7390\AppData\Local\Programs\Python\Python313\Scripts\;C:\Users\Dell Latitude 7390\AppData\Local\Programs\Python\Python313\;C:\Users\Dell Latitude 7390\AppData\Local\Microsoft\WindowsApps;;C:\Users\Dell Latitude 7390\AppData\Local\Programs\Microsoft VS Code\bin;C:\Users\Dell Latitude 7390\AppData\Roaming\Composer\vendor\bin;C:\Program Files\JetBrains\PyCharm Community Edition 2023.1.3\bin;;C:\Users\Dell Latitude 7390\.dotnet\tools;C:\Users\Dell Latitude 7390\AppData\Roaming\npm
USERNAME=Dell Latitude 7390
LANG=en_US.UTF-8
OS=Windows_NT
PROCESSOR_IDENTIFIER=Intel64 Family 6 Model 142 Stepping 10, GenuineIntel
TMP=C:\Users\DELLLA~1\AppData\Local\Temp
TEMP=C:\Users\DELLLA~1\AppData\Local\Temp



Periodic native trim disabled


---------------  S Y S T E M  ---------------

OS:
 Windows 11 , 64 bit Build 22621 (10.0.22621.5415)
OS uptime: 0 days 0:12 hours
Hyper-V role detected

CPU: total 8 (initial active 8) (4 cores per cpu, 2 threads per core) family 6 model 142 stepping 10 microcode 0xe0, cx8, cmov, fxsr, ht, mmx, 3dnowpref, sse, sse2, sse3, ssse3, sse4.1, sse4.2, popcnt, lzcnt, tsc, tscinvbit, avx, avx2, aes, erms, clmul, bmi1, bmi2, rtm, adx, fma, vzeroupper, clflush, clflushopt, hv
Processor Information for all 8 processors :
  Max Mhz: 1896, Current Mhz: 1696, Mhz Limit: 1687

Memory: 4k page, system-wide physical 8067M (406M free)
TotalPageFile size 11106M (AvailPageFile size 1M)
current process WorkingSet (physical memory assigned to process): 161M, peak: 164M
current process commit charge ("private bytes"): 218M, peak: 221M

vm_info: OpenJDK 64-Bit Server VM (17.0.18+8) for windows-amd64 JRE (17.0.18+8), built on Jan 20 2026 22:28:22 by "admin" with MS VC++ 17.12 (VS2022)

END.
